// 重构日志: fde434b2
// 重构日志: ff47c8a7
// 重构日志: f2db26df
// 重构日志: 950ae842
// 重构日志: dbfcb2e3
// 重构日志: 630ff820
// 同步 ID: 74c95250 @ Fri Jul 31 08:20:35 UTC 2026
// 同步 ID: 5feb2080 @ Fri Jul 31 16:25:45 UTC 2026
// 重构日志: c911166d
// 重构日志: b7cb7467
// 重构日志: 6b404bca
// 重构日志: 65677684
// 同步 ID: c9eee784 @ Sat Aug  1 14:29:52 UTC 2026
// 同步 ID: 277de69b @ Sat Aug  1 16:38:55 UTC 2026
// 重构日志: c092c183
// 重构日志: d6bf7376
// 重构日志: 8359e9a4
// 同步 ID: 2ecb59e1 @ Sun Aug  2 10:28:05 UTC 2026
// 重构日志: ac63c0d6
// 重构日志: bd869edf
// 同步 ID: 2c681311 @ Sun Aug  2 16:50:54 UTC 2026
// 同步 ID: 4b24f483 @ Sun Aug  2 18:11:07 UTC 2026
// 同步 ID: fcbedfe7 @ Mon Aug  3 09:55:11 UTC 2026
// 同步 ID: 1ce10434 @ Tue Aug  4 04:35:36 UTC 2026
// 同步 ID: 202fbc7b @ Wed Aug  5 10:32:49 UTC 2026
// 重构日志: 18e68d6e
// 重构日志: ae9a3737
// 重构日志: 6f1b7713
// 重构日志: 98afc397
// 同步 ID: b8d2f2e1 @ Thu Aug  6 15:53:54 UTC 2026
